<?xml version="1.0" encoding="ISO-8859-1" ?>
<link_info>
   <banner>TMS320C2000 Linker PC v25.11.1.LTS</banner>
   <copyright>Copyright (c) 1996-2018 Texas Instruments Incorporated</copyright>
   <command_line>D:\CCS_V21\ccs\tools\compiler\ti-cgt-c2000_25.11.1.LTS\bin\lnk2000.exe -lC:\\Users\\a\\AppData\\Local\\Temp\\{322A4928-342B-4575-B03F-CC74D3F4E882}</command_line>
   <link_time>0x6a965796</link_time>
   <link_errors>0x0</link_errors>
   <output_file>C:\Users\a\workspace_ccstheia\InverterBase\Debug\InverterBase.out</output_file>
   <entry_point>
      <name>_c_int00</name>
      <address>0x8578d</address>
   </entry_point>
   <input_file_list>
      <input_file id="fl-2">
         <path>C:\Users\a\workspace_ccstheia\InverterBase\Debug\.\</path>
         <kind>object</kind>
         <file>main.obj</file>
         <name>main.obj</name>
      </input_file>
      <input_file id="fl-3">
         <path>C:\Users\a\workspace_ccstheia\InverterBase\Debug\.\z2_driver\</path>
         <kind>object</kind>
         <file>F2837xS_Adc.obj</file>
         <name>F2837xS_Adc.obj</name>
      </input_file>
      <input_file id="fl-4">
         <path>C:\Users\a\workspace_ccstheia\InverterBase\Debug\.\z2_driver\</path>
         <kind>object</kind>
         <file>F2837xS_CodeStartBranch.obj</file>
         <name>F2837xS_CodeStartBranch.obj</name>
      </input_file>
      <input_file id="fl-5">
         <path>C:\Users\a\workspace_ccstheia\InverterBase\Debug\.\z2_driver\</path>
         <kind>object</kind>
         <file>F2837xS_CpuTimers.obj</file>
         <name>F2837xS_CpuTimers.obj</name>
      </input_file>
      <input_file id="fl-6">
         <path>C:\Users\a\workspace_ccstheia\InverterBase\Debug\.\z2_driver\</path>
         <kind>object</kind>
         <file>F2837xS_DBGIER.obj</file>
         <name>F2837xS_DBGIER.obj</name>
      </input_file>
      <input_file id="fl-7">
         <path>C:\Users\a\workspace_ccstheia\InverterBase\Debug\.\z2_driver\</path>
         <kind>object</kind>
         <file>F2837xS_DefaultISR.obj</file>
         <name>F2837xS_DefaultISR.obj</name>
      </input_file>
      <input_file id="fl-8">
         <path>C:\Users\a\workspace_ccstheia\InverterBase\Debug\.\z2_driver\</path>
         <kind>object</kind>
         <file>F2837xS_Dma.obj</file>
         <name>F2837xS_Dma.obj</name>
      </input_file>
      <input_file id="fl-9">
         <path>C:\Users\a\workspace_ccstheia\InverterBase\Debug\.\z2_driver\</path>
         <kind>object</kind>
         <file>F2837xS_ECap.obj</file>
         <name>F2837xS_ECap.obj</name>
      </input_file>
      <input_file id="fl-a">
         <path>C:\Users\a\workspace_ccstheia\InverterBase\Debug\.\z2_driver\</path>
         <kind>object</kind>
         <file>F2837xS_EPwm.obj</file>
         <name>F2837xS_EPwm.obj</name>
      </input_file>
      <input_file id="fl-b">
         <path>C:\Users\a\workspace_ccstheia\InverterBase\Debug\.\z2_driver\</path>
         <kind>object</kind>
         <file>F2837xS_GlobalVariableDefs.obj</file>
         <name>F2837xS_GlobalVariableDefs.obj</name>
      </input_file>
      <input_file id="fl-c">
         <path>C:\Users\a\workspace_ccstheia\InverterBase\Debug\.\z2_driver\</path>
         <kind>object</kind>
         <file>F2837xS_Gpio.obj</file>
         <name>F2837xS_Gpio.obj</name>
      </input_file>
      <input_file id="fl-d">
         <path>C:\Users\a\workspace_ccstheia\InverterBase\Debug\.\z2_driver\</path>
         <kind>object</kind>
         <file>F2837xS_I2C.obj</file>
         <name>F2837xS_I2C.obj</name>
      </input_file>
      <input_file id="fl-e">
         <path>C:\Users\a\workspace_ccstheia\InverterBase\Debug\.\z2_driver\</path>
         <kind>object</kind>
         <file>F2837xS_PieCtrl.obj</file>
         <name>F2837xS_PieCtrl.obj</name>
      </input_file>
      <input_file id="fl-f">
         <path>C:\Users\a\workspace_ccstheia\InverterBase\Debug\.\z2_driver\</path>
         <kind>object</kind>
         <file>F2837xS_PieVect.obj</file>
         <name>F2837xS_PieVect.obj</name>
      </input_file>
      <input_file id="fl-10">
         <path>C:\Users\a\workspace_ccstheia\InverterBase\Debug\.\z2_driver\</path>
         <kind>object</kind>
         <file>F2837xS_Sci.obj</file>
         <name>F2837xS_Sci.obj</name>
      </input_file>
      <input_file id="fl-11">
         <path>C:\Users\a\workspace_ccstheia\InverterBase\Debug\.\z2_driver\</path>
         <kind>object</kind>
         <file>F2837xS_SysCtrl.obj</file>
         <name>F2837xS_SysCtrl.obj</name>
      </input_file>
      <input_file id="fl-12">
         <path>C:\Users\a\workspace_ccstheia\InverterBase\Debug\.\z2_driver\</path>
         <kind>object</kind>
         <file>F2837xS_sci_io.obj</file>
         <name>F2837xS_sci_io.obj</name>
      </input_file>
      <input_file id="fl-13">
         <path>C:\Users\a\workspace_ccstheia\InverterBase\Debug\.\z2_driver\</path>
         <kind>object</kind>
         <file>F2837xS_struct.obj</file>
         <name>F2837xS_struct.obj</name>
      </input_file>
      <input_file id="fl-14">
         <path>C:\Users\a\workspace_ccstheia\InverterBase\Debug\.\z2_driver\</path>
         <kind>object</kind>
         <file>F2837xS_usDelay.obj</file>
         <name>F2837xS_usDelay.obj</name>
      </input_file>
      <input_file id="fl-15">
         <path>C:\Users\a\workspace_ccstheia\InverterBase\Debug\.\z3_system\</path>
         <kind>object</kind>
         <file>system.obj</file>
         <name>system.obj</name>
      </input_file>
      <input_file id="fl-16">
         <path>C:\Users\a\workspace_ccstheia\InverterBase\Debug\.\z4_scheduler\</path>
         <kind>object</kind>
         <file>scheduler.obj</file>
         <name>scheduler.obj</name>
      </input_file>
      <input_file id="fl-17">
         <path>C:\Users\a\workspace_ccstheia\InverterBase\Debug\.\z5_task\</path>
         <kind>object</kind>
         <file>task_comm.obj</file>
         <name>task_comm.obj</name>
      </input_file>
      <input_file id="fl-18">
         <path>C:\Users\a\workspace_ccstheia\InverterBase\Debug\.\z5_task\</path>
         <kind>object</kind>
         <file>task_e2prom.obj</file>
         <name>task_e2prom.obj</name>
      </input_file>
      <input_file id="fl-19">
         <path>C:\Users\a\workspace_ccstheia\InverterBase\Debug\.\z5_task\</path>
         <kind>object</kind>
         <file>task_grid.obj</file>
         <name>task_grid.obj</name>
      </input_file>
      <input_file id="fl-1a">
         <path>C:\Users\a\workspace_ccstheia\InverterBase\Debug\.\z5_task\</path>
         <kind>object</kind>
         <file>task_measure.obj</file>
         <name>task_measure.obj</name>
      </input_file>
      <input_file id="fl-1b">
         <path>C:\Users\a\workspace_ccstheia\InverterBase\Debug\.\z5_task\</path>
         <kind>object</kind>
         <file>task_mppt.obj</file>
         <name>task_mppt.obj</name>
      </input_file>
      <input_file id="fl-1c">
         <path>C:\Users\a\workspace_ccstheia\InverterBase\Debug\.\z5_task\</path>
         <kind>object</kind>
         <file>task_power.obj</file>
         <name>task_power.obj</name>
      </input_file>
      <input_file id="fl-1d">
         <path>C:\Users\a\workspace_ccstheia\InverterBase\Debug\.\z5_task\</path>
         <kind>object</kind>
         <file>task_state.obj</file>
         <name>task_state.obj</name>
      </input_file>
      <input_file id="fl-1e">
         <path>C:\Users\a\workspace_ccstheia\InverterBase\Debug\.\z5_task\</path>
         <kind>object</kind>
         <file>task_ui.obj</file>
         <name>task_ui.obj</name>
      </input_file>
      <input_file id="fl-1f">
         <path>C:\Users\a\workspace_ccstheia\InverterBase\Debug\.\z6_bsp\</path>
         <kind>object</kind>
         <file>adc.obj</file>
         <name>adc.obj</name>
      </input_file>
      <input_file id="fl-20">
         <path>C:\Users\a\workspace_ccstheia\InverterBase\Debug\.\z6_bsp\</path>
         <kind>object</kind>
         <file>dma.obj</file>
         <name>dma.obj</name>
      </input_file>
      <input_file id="fl-21">
         <path>C:\Users\a\workspace_ccstheia\InverterBase\Debug\.\z6_bsp\</path>
         <kind>object</kind>
         <file>ecap.obj</file>
         <name>ecap.obj</name>
      </input_file>
      <input_file id="fl-22">
         <path>C:\Users\a\workspace_ccstheia\InverterBase\Debug\.\z6_bsp\</path>
         <kind>object</kind>
         <file>epwm.obj</file>
         <name>epwm.obj</name>
      </input_file>
      <input_file id="fl-23">
         <path>C:\Users\a\workspace_ccstheia\InverterBase\Debug\.\z6_bsp\</path>
         <kind>object</kind>
         <file>gpio.obj</file>
         <name>gpio.obj</name>
      </input_file>
      <input_file id="fl-24">
         <path>C:\Users\a\workspace_ccstheia\InverterBase\Debug\.\z6_bsp\</path>
         <kind>object</kind>
         <file>i2c.obj</file>
         <name>i2c.obj</name>
      </input_file>
      <input_file id="fl-25">
         <path>C:\Users\a\workspace_ccstheia\InverterBase\Debug\.\z6_bsp\</path>
         <kind>object</kind>
         <file>sci.obj</file>
         <name>sci.obj</name>
      </input_file>
      <input_file id="fl-26">
         <path>C:\Users\a\workspace_ccstheia\InverterBase\Debug\.\z6_bsp\</path>
         <kind>object</kind>
         <file>timer.obj</file>
         <name>timer.obj</name>
      </input_file>
      <input_file id="fl-27">
         <path>C:\Users\a\workspace_ccstheia\InverterBase\Debug\.\z7_data\</path>
         <kind>object</kind>
         <file>variable.obj</file>
         <name>variable.obj</name>
      </input_file>
      <input_file id="fl-28">
         <path>C:\Users\a\workspace_ccstheia\InverterBase\Debug\.\z8_control\</path>
         <kind>object</kind>
         <file>control.obj</file>
         <name>control.obj</name>
      </input_file>
      <input_file id="fl-29">
         <path>C:\Users\a\workspace_ccstheia\InverterBase\Debug\.\z8_control\</path>
         <kind>object</kind>
         <file>pll.obj</file>
         <name>pll.obj</name>
      </input_file>
      <input_file id="fl-2f">
         <path>C:\Users\a\workspace_ccstheia\InverterBase\Debug\</path>
         <kind>object</kind>
         <file>&lt;internal&gt;</file>
         <name>&lt;internal&gt;</name>
      </input_file>
      <input_file id="fl-3b">
         <path>D:\CCS_V21\ccs\tools\compiler\ti-cgt-c2000_25.11.1.LTS\lib\</path>
         <kind>archive</kind>
         <file>rts2800_fpu32.lib</file>
         <name>boot28.asm.obj</name>
      </input_file>
      <input_file id="fl-3c">
         <path>D:\CCS_V21\ccs\tools\compiler\ti-cgt-c2000_25.11.1.LTS\lib\</path>
         <kind>archive</kind>
         <file>rts2800_fpu32.lib</file>
         <name>l_div28.asm.obj</name>
      </input_file>
      <input_file id="fl-3d">
         <path>D:\CCS_V21\ccs\tools\compiler\ti-cgt-c2000_25.11.1.LTS\lib\</path>
         <kind>archive</kind>
         <file>rts2800_fpu32.lib</file>
         <name>cpy_tbl.c.obj</name>
      </input_file>
      <input_file id="fl-3e">
         <path>D:\CCS_V21\ccs\tools\compiler\ti-cgt-c2000_25.11.1.LTS\lib\</path>
         <kind>archive</kind>
         <file>rts2800_fpu32.lib</file>
         <name>memcpy.c.obj</name>
      </input_file>
      <input_file id="fl-3f">
         <path>D:\CCS_V21\ccs\tools\compiler\ti-cgt-c2000_25.11.1.LTS\lib\</path>
         <kind>archive</kind>
         <file>rts2800_fpu32.lib</file>
         <name>pre_init.c.obj</name>
      </input_file>
      <input_file id="fl-40">
         <path>D:\CCS_V21\ccs\tools\compiler\ti-cgt-c2000_25.11.1.LTS\lib\</path>
         <kind>archive</kind>
         <file>rts2800_fpu32.lib</file>
         <name>startup.c.obj</name>
      </input_file>
      <input_file id="fl-41">
         <path>D:\CCS_V21\ccs\tools\compiler\ti-cgt-c2000_25.11.1.LTS\lib\</path>
         <kind>archive</kind>
         <file>rts2800_fpu32.lib</file>
         <name>exit.c.obj</name>
      </input_file>
      <input_file id="fl-42">
         <path>D:\CCS_V21\ccs\tools\compiler\ti-cgt-c2000_25.11.1.LTS\lib\</path>
         <kind>archive</kind>
         <file>rts2800_fpu32.lib</file>
         <name>_lock.c.obj</name>
      </input_file>
      <input_file id="fl-43">
         <path>D:\CCS_V21\ccs\tools\compiler\ti-cgt-c2000_25.11.1.LTS\lib\</path>
         <kind>archive</kind>
         <file>rts2800_fpu32.lib</file>
         <name>args_main.c.obj</name>
      </input_file>
      <input_file id="fl-44">
         <path>D:\CCS_V21\ccs\tools\compiler\ti-cgt-c2000_25.11.1.LTS\lib\</path>
         <kind>archive</kind>
         <file>rts2800_fpu32.lib</file>
         <name>memset.c.obj</name>
      </input_file>
   </input_file_list>
   <object_component_list>
      <object_component id="oc-1e3">
         <name>.cinit</name>
         <load_address>0x82000</load_address>
         <readwrite>true</readwrite>
         <run_address>0x82000</run_address>
         <size>0x5e</size>
         <alignment>0x1</alignment>
         <input_file_ref idref="fl-27"/>
      </object_component>
      <object_component id="oc-1a7">
         <name>.cinit</name>
         <load_address>0x8205e</load_address>
         <readwrite>true</readwrite>
         <run_address>0x8205e</run_address>
         <size>0x30</size>
         <alignment>0x1</alignment>
         <input_file_ref idref="fl-20"/>
      </object_component>
      <object_component id="oc-16e">
         <name>.cinit</name>
         <load_address>0x8208e</load_address>
         <readwrite>true</readwrite>
         <run_address>0x8208e</run_address>
         <size>0x2b</size>
         <alignment>0x1</alignment>
         <input_file_ref idref="fl-17"/>
      </object_component>
      <object_component id="oc-f0">
         <name>.cinit:_TRIP_SEL</name>
         <load_address>0x820b9</load_address>
         <readwrite>true</readwrite>
         <run_address>0x820b9</run_address>
         <size>0x21</size>
         <alignment>0x1</alignment>
         <input_file_ref idref="fl-13"/>
      </object_component>
      <object_component id="oc-167">
         <name>.cinit</name>
         <load_address>0x820da</load_address>
         <readwrite>true</readwrite>
         <run_address>0x820da</run_address>
         <size>0x20</size>
         <alignment>0x1</alignment>
         <input_file_ref idref="fl-16"/>
      </object_component>
      <object_component id="oc-120">
         <name>.cinit:_EPWM</name>
         <load_address>0x820fa</load_address>
         <readwrite>true</readwrite>
         <run_address>0x820fa</run_address>
         <size>0x1d</size>
         <alignment>0x1</alignment>
         <input_file_ref idref="fl-13"/>
      </object_component>
      <object_component id="oc-197">
         <name>.cinit</name>
         <load_address>0x82117</load_address>
         <readwrite>true</readwrite>
         <run_address>0x82117</run_address>
         <size>0x1c</size>
         <alignment>0x1</alignment>
         <input_file_ref idref="fl-1e"/>
      </object_component>
      <object_component id="oc-1e7">
         <name>.cinit</name>
         <load_address>0x82133</load_address>
         <readwrite>true</readwrite>
         <run_address>0x82133</run_address>
         <size>0x16</size>
         <alignment>0x1</alignment>
         <input_file_ref idref="fl-28"/>
      </object_component>
      <object_component id="oc-e0">
         <name>.cinit:_ECAP</name>
         <load_address>0x82149</load_address>
         <readwrite>true</readwrite>
         <run_address>0x82149</run_address>
         <size>0x11</size>
         <alignment>0x1</alignment>
         <input_file_ref idref="fl-13"/>
      </object_component>
      <object_component id="oc-1d5">
         <name>.cinit</name>
         <load_address>0x8215a</load_address>
         <readwrite>true</readwrite>
         <run_address>0x8215a</run_address>
         <size>0x11</size>
         <alignment>0x1</alignment>
         <input_file_ref idref="fl-25"/>
      </object_component>
      <object_component id="oc-181">
         <name>.cinit</name>
         <load_address>0x8216b</load_address>
         <readwrite>true</readwrite>
         <run_address>0x8216b</run_address>
         <size>0x11</size>
         <alignment>0x1</alignment>
         <input_file_ref idref="fl-1a"/>
      </object_component>
      <object_component id="oc-1b9">
         <name>.cinit</name>
         <load_address>0x8217c</load_address>
         <readwrite>true</readwrite>
         <run_address>0x8217c</run_address>
         <size>0xe</size>
         <alignment>0x1</alignment>
         <input_file_ref idref="fl-21"/>
      </object_component>
      <object_component id="oc-213">
         <name>.cinit</name>
         <load_address>0x8218a</load_address>
         <readwrite>true</readwrite>
         <run_address>0x8218a</run_address>
         <size>0xe</size>
         <alignment>0x1</alignment>
         <input_file_ref idref="fl-41"/>
      </object_component>
      <object_component id="oc-119">
         <name>.cinit:_ADC</name>
         <load_address>0x82198</load_address>
         <readwrite>true</readwrite>
         <run_address>0x82198</run_address>
         <size>0xd</size>
         <alignment>0x1</alignment>
         <input_file_ref idref="fl-13"/>
      </object_component>
      <object_component id="oc-f4">
         <name>.cinit:_EQEP</name>
         <load_address>0x821a5</load_address>
         <readwrite>true</readwrite>
         <run_address>0x821a5</run_address>
         <size>0xb</size>
         <alignment>0x1</alignment>
         <input_file_ref idref="fl-13"/>
      </object_component>
      <object_component id="oc-d6">
         <name>.cinit:_SPI</name>
         <load_address>0x821b0</load_address>
         <readwrite>true</readwrite>
         <run_address>0x821b0</run_address>
         <size>0xb</size>
         <alignment>0x1</alignment>
         <input_file_ref idref="fl-13"/>
      </object_component>
      <object_component id="oc-114">
         <name>.cinit:_SDFM</name>
         <load_address>0x821bb</load_address>
         <readwrite>true</readwrite>
         <run_address>0x821bb</run_address>
         <size>0x9</size>
         <alignment>0x1</alignment>
         <input_file_ref idref="fl-13"/>
      </object_component>
      <object_component id="oc-19f">
         <name>.cinit</name>
         <load_address>0x821c4</load_address>
         <readwrite>true</readwrite>
         <run_address>0x821c4</run_address>
         <size>0x9</size>
         <alignment>0x1</alignment>
         <input_file_ref idref="fl-1f"/>
      </object_component>
      <object_component id="oc-175">
         <name>.cinit</name>
         <load_address>0x821cd</load_address>
         <readwrite>true</readwrite>
         <run_address>0x821cd</run_address>
         <size>0x8</size>
         <alignment>0x1</alignment>
         <input_file_ref idref="fl-18"/>
      </object_component>
      <object_component id="oc-266">
         <name>.cinit:_GPIO_KeyDebounceCount</name>
         <load_address>0x821d5</load_address>
         <readwrite>true</readwrite>
         <run_address>0x821d5</run_address>
         <size>0x7</size>
         <alignment>0x1</alignment>
         <input_file_ref idref="fl-23"/>
      </object_component>
      <object_component id="oc-264">
         <name>.cinit:_GPIO_KeyLastPressed</name>
         <load_address>0x821dc</load_address>
         <readwrite>true</readwrite>
         <run_address>0x821dc</run_address>
         <size>0x7</size>
         <alignment>0x1</alignment>
         <input_file_ref idref="fl-23"/>
      </object_component>
      <object_component id="oc-262">
         <name>.cinit:_GPIO_KeyStablePressed</name>
         <load_address>0x821e3</load_address>
         <readwrite>true</readwrite>
         <run_address>0x821e3</run_address>
         <size>0x7</size>
         <alignment>0x1</alignment>
         <input_file_ref idref="fl-23"/>
      </object_component>
      <object_component id="oc-f8">
         <name>.cinit:_I2C</name>
         <load_address>0x821ea</load_address>
         <readwrite>true</readwrite>
         <run_address>0x821ea</run_address>
         <size>0x7</size>
         <alignment>0x1</alignment>
         <input_file_ref idref="fl-13"/>
      </object_component>
      <object_component id="oc-fb">
         <name>.cinit:_MCBSP</name>
         <load_address>0x821f1</load_address>
         <readwrite>true</readwrite>
         <run_address>0x821f1</run_address>
         <size>0x7</size>
         <alignment>0x1</alignment>
         <input_file_ref idref="fl-13"/>
      </object_component>
      <object_component id="oc-d1">
         <name>.cinit:_SCI</name>
         <load_address>0x821f8</load_address>
         <readwrite>true</readwrite>
         <run_address>0x821f8</run_address>
         <size>0x7</size>
         <alignment>0x1</alignment>
         <input_file_ref idref="fl-13"/>
      </object_component>
      <object_component id="oc-240">
         <name>.cinit:__lock</name>
         <load_address>0x821ff</load_address>
         <readwrite>true</readwrite>
         <run_address>0x821ff</run_address>
         <size>0x5</size>
         <alignment>0x1</alignment>
         <input_file_ref idref="fl-42"/>
      </object_component>
      <object_component id="oc-24e">
         <name>.cinit:__unlock</name>
         <load_address>0x82204</load_address>
         <readwrite>true</readwrite>
         <run_address>0x82204</run_address>
         <size>0x5</size>
         <alignment>0x1</alignment>
         <input_file_ref idref="fl-42"/>
      </object_component>
      <object_component id="oc-154">
         <name>.cinit</name>
         <load_address>0x82209</load_address>
         <readwrite>true</readwrite>
         <run_address>0x82209</run_address>
         <size>0x4</size>
         <alignment>0x1</alignment>
         <input_file_ref idref="fl-12"/>
      </object_component>
      <object_component id="oc-1c1">
         <name>.cinit</name>
         <load_address>0x8220d</load_address>
         <readwrite>true</readwrite>
         <run_address>0x8220d</run_address>
         <size>0x4</size>
         <alignment>0x1</alignment>
         <input_file_ref idref="fl-22"/>
      </object_component>
      <object_component id="oc-1c9">
         <name>.cinit</name>
         <load_address>0x82211</load_address>
         <readwrite>true</readwrite>
         <run_address>0x82211</run_address>
         <size>0x4</size>
         <alignment>0x1</alignment>
         <input_file_ref idref="fl-23"/>
      </object_component>
      <object_component id="oc-ab">
         <name>.text:retain</name>
         <load_address>0x82218</load_address>
         <readonly>true</readonly>
         <executable>true</executable>
         <run_address>0x82218</run_address>
         <size>0x585</size>
         <alignment>0x1</alignment>
         <input_file_ref idref="fl-7"/>
      </object_component>
      <object_component id="oc-237">
         <name>.text</name>
         <load_address>0x8279d</load_address>
         <readonly>true</readonly>
         <executable>true</executable>
         <run_address>0x8279d</run_address>
         <size>0x497</size>
         <alignment>0x1</alignment>
         <input_file_ref idref="fl-20"/>
      </object_component>
      <object_component id="oc-24f">
         <name>.text</name>
         <load_address>0x82c34</load_address>
         <readonly>true</readonly>
         <executable>true</executable>
         <run_address>0x82c34</run_address>
         <size>0x471</size>
         <alignment>0x1</alignment>
         <input_file_ref idref="fl-11"/>
      </object_component>
      <object_component id="oc-245">
         <name>.text</name>
         <load_address>0x830a5</load_address>
         <readonly>true</readonly>
         <executable>true</executable>
         <run_address>0x830a5</run_address>
         <size>0x45e</size>
         <alignment>0x1</alignment>
         <input_file_ref idref="fl-18"/>
      </object_component>
      <object_component id="oc-248">
         <name>.text</name>
         <load_address>0x83503</load_address>
         <readonly>true</readonly>
         <executable>true</executable>
         <run_address>0x83503</run_address>
         <size>0x3a6</size>
         <alignment>0x1</alignment>
         <input_file_ref idref="fl-1e"/>
      </object_component>
      <object_component id="oc-246">
         <name>.text</name>
         <load_address>0x838a9</load_address>
         <readonly>true</readonly>
         <executable>true</executable>
         <run_address>0x838a9</run_address>
         <size>0x36d</size>
         <alignment>0x1</alignment>
         <input_file_ref idref="fl-17"/>
      </object_component>
      <object_component id="oc-242">
         <name>.text</name>
         <load_address>0x83c16</load_address>
         <readonly>true</readonly>
         <executable>true</executable>
         <run_address>0x83c16</run_address>
         <size>0x32a</size>
         <alignment>0x1</alignment>
         <input_file_ref idref="fl-29"/>
      </object_component>
      <object_component id="oc-1c3">
         <name>.text:retain</name>
         <load_address>0x83f40</load_address>
         <readonly>true</readonly>
         <executable>true</executable>
         <run_address>0x83f40</run_address>
         <size>0x9b</size>
         <alignment>0x1</alignment>
         <input_file_ref idref="fl-22"/>
      </object_component>
      <object_component id="oc-229">
         <name>.text</name>
         <load_address>0x83fdb</load_address>
         <readonly>true</readonly>
         <executable>true</executable>
         <run_address>0x83fdb</run_address>
         <size>0x24</size>
         <alignment>0x1</alignment>
         <input_file_ref idref="fl-3d"/>
      </object_component>
      <object_component id="oc-22a">
         <name>.text</name>
         <load_address>0x83fff</load_address>
         <readonly>true</readonly>
         <executable>true</executable>
         <run_address>0x83fff</run_address>
         <size>0x1</size>
         <alignment>0x1</alignment>
         <input_file_ref idref="fl-40"/>
      </object_component>
      <object_component id="oc-23b">
         <name>.text</name>
         <load_address>0x84000</load_address>
         <readonly>true</readonly>
         <executable>true</executable>
         <run_address>0x84000</run_address>
         <size>0x30f</size>
         <alignment>0x1</alignment>
         <input_file_ref idref="fl-22"/>
      </object_component>
      <object_component id="oc-247">
         <name>.text</name>
         <load_address>0x8430f</load_address>
         <readonly>true</readonly>
         <executable>true</executable>
         <run_address>0x8430f</run_address>
         <size>0x290</size>
         <alignment>0x1</alignment>
         <input_file_ref idref="fl-1d"/>
      </object_component>
      <object_component id="oc-253">
         <name>.text</name>
         <load_address>0x8459f</load_address>
         <readonly>true</readonly>
         <executable>true</executable>
         <run_address>0x8459f</run_address>
         <size>0x27d</size>
         <alignment>0x1</alignment>
         <input_file_ref idref="fl-23"/>
      </object_component>
      <object_component id="oc-239">
         <name>.text</name>
         <load_address>0x8481c</load_address>
         <readonly>true</readonly>
         <executable>true</executable>
         <run_address>0x8481c</run_address>
         <size>0x25b</size>
         <alignment>0x1</alignment>
         <input_file_ref idref="fl-28"/>
      </object_component>
      <object_component id="oc-256">
         <name>.text</name>
         <load_address>0x84a77</load_address>
         <readonly>true</readonly>
         <executable>true</executable>
         <run_address>0x84a77</run_address>
         <size>0x25a</size>
         <alignment>0x1</alignment>
         <input_file_ref idref="fl-24"/>
      </object_component>
      <object_component id="oc-250">
         <name>.text</name>
         <load_address>0x84cd1</load_address>
         <readonly>true</readonly>
         <executable>true</executable>
         <run_address>0x84cd1</run_address>
         <size>0x204</size>
         <alignment>0x1</alignment>
         <input_file_ref idref="fl-c"/>
      </object_component>
      <object_component id="oc-238">
         <name>.text</name>
         <load_address>0x84ed5</load_address>
         <readonly>true</readonly>
         <executable>true</executable>
         <run_address>0x84ed5</run_address>
         <size>0x1fb</size>
         <alignment>0x1</alignment>
         <input_file_ref idref="fl-1f"/>
      </object_component>
      <object_component id="oc-249">
         <name>.text</name>
         <load_address>0x850d0</load_address>
         <readonly>true</readonly>
         <executable>true</executable>
         <run_address>0x850d0</run_address>
         <size>0x1f3</size>
         <alignment>0x1</alignment>
         <input_file_ref idref="fl-1a"/>
      </object_component>
      <object_component id="oc-24c">
         <name>.text</name>
         <load_address>0x852c3</load_address>
         <readonly>true</readonly>
         <executable>true</executable>
         <run_address>0x852c3</run_address>
         <size>0x194</size>
         <alignment>0x1</alignment>
         <input_file_ref idref="fl-1b"/>
      </object_component>
      <object_component id="oc-1b3">
         <name>.text:retain</name>
         <load_address>0x85457</load_address>
         <readonly>true</readonly>
         <executable>true</executable>
         <run_address>0x85457</run_address>
         <size>0x155</size>
         <alignment>0x1</alignment>
         <input_file_ref idref="fl-20"/>
      </object_component>
      <object_component id="oc-241">
         <name>.text</name>
         <load_address>0x855ac</load_address>
         <readonly>true</readonly>
         <executable>true</executable>
         <run_address>0x855ac</run_address>
         <size>0xef</size>
         <alignment>0x1</alignment>
         <input_file_ref idref="fl-3"/>
      </object_component>
      <object_component id="oc-1a1">
         <name>.text:retain</name>
         <load_address>0x8569b</load_address>
         <readonly>true</readonly>
         <executable>true</executable>
         <run_address>0x8569b</run_address>
         <size>0x79</size>
         <alignment>0x1</alignment>
         <input_file_ref idref="fl-1f"/>
      </object_component>
      <object_component id="oc-1bb">
         <name>.text:retain</name>
         <load_address>0x85714</load_address>
         <readonly>true</readonly>
         <executable>true</executable>
         <run_address>0x85714</run_address>
         <size>0x79</size>
         <alignment>0x1</alignment>
         <input_file_ref idref="fl-21"/>
      </object_component>
      <object_component id="oc-8e">
         <name>.text</name>
         <load_address>0x8578d</load_address>
         <readonly>true</readonly>
         <executable>true</executable>
         <run_address>0x8578d</run_address>
         <size>0x56</size>
         <alignment>0x1</alignment>
         <input_file_ref idref="fl-3b"/>
      </object_component>
      <object_component id="oc-255">
         <name>.text</name>
         <load_address>0x857e3</load_address>
         <readonly>true</readonly>
         <executable>true</executable>
         <run_address>0x857e3</run_address>
         <size>0x52</size>
         <alignment>0x1</alignment>
         <input_file_ref idref="fl-25"/>
      </object_component>
      <object_component id="oc-23a">
         <name>.text</name>
         <load_address>0x85835</load_address>
         <readonly>true</readonly>
         <executable>true</executable>
         <run_address>0x85835</run_address>
         <size>0x4c</size>
         <alignment>0x1</alignment>
         <input_file_ref idref="fl-16"/>
      </object_component>
      <object_component id="oc-23e">
         <name>.text</name>
         <load_address>0x85881</load_address>
         <readonly>true</readonly>
         <executable>true</executable>
         <run_address>0x85881</run_address>
         <size>0x46</size>
         <alignment>0x1</alignment>
         <input_file_ref idref="fl-2"/>
      </object_component>
      <object_component id="oc-1d7">
         <name>.text:retain</name>
         <load_address>0x858c7</load_address>
         <readonly>true</readonly>
         <executable>true</executable>
         <run_address>0x858c7</run_address>
         <size>0x40</size>
         <alignment>0x1</alignment>
         <input_file_ref idref="fl-25"/>
      </object_component>
      <object_component id="oc-254">
         <name>.text</name>
         <load_address>0x85907</load_address>
         <readonly>true</readonly>
         <executable>true</executable>
         <run_address>0x85907</run_address>
         <size>0x3d</size>
         <alignment>0x1</alignment>
         <input_file_ref idref="fl-21"/>
      </object_component>
      <object_component id="oc-244">
         <name>.text</name>
         <load_address>0x85944</load_address>
         <readonly>true</readonly>
         <executable>true</executable>
         <run_address>0x85944</run_address>
         <size>0x3c</size>
         <alignment>0x1</alignment>
         <input_file_ref idref="fl-15"/>
      </object_component>
      <object_component id="oc-1dd">
         <name>.text:retain</name>
         <load_address>0x85980</load_address>
         <readonly>true</readonly>
         <executable>true</executable>
         <run_address>0x85980</run_address>
         <size>0x35</size>
         <alignment>0x1</alignment>
         <input_file_ref idref="fl-26"/>
      </object_component>
      <object_component id="oc-1f9">
         <name>.text</name>
         <load_address>0x859b5</load_address>
         <readonly>true</readonly>
         <executable>true</executable>
         <run_address>0x859b5</run_address>
         <size>0x2a</size>
         <alignment>0x1</alignment>
         <input_file_ref idref="fl-3c"/>
      </object_component>
      <object_component id="oc-22c">
         <name>.text</name>
         <load_address>0x859df</load_address>
         <readonly>true</readonly>
         <executable>true</executable>
         <run_address>0x859df</run_address>
         <size>0x29</size>
         <alignment>0x1</alignment>
         <input_file_ref idref="fl-41"/>
      </object_component>
      <object_component id="oc-251">
         <name>.text</name>
         <load_address>0x85a08</load_address>
         <readonly>true</readonly>
         <executable>true</executable>
         <run_address>0x85a08</run_address>
         <size>0x28</size>
         <alignment>0x1</alignment>
         <input_file_ref idref="fl-e"/>
      </object_component>
      <object_component id="oc-23d">
         <name>.text</name>
         <load_address>0x85a30</load_address>
         <readonly>true</readonly>
         <executable>true</executable>
         <run_address>0x85a30</run_address>
         <size>0x20</size>
         <alignment>0x1</alignment>
         <input_file_ref idref="fl-3e"/>
      </object_component>
      <object_component id="oc-243">
         <name>.text</name>
         <load_address>0x85a50</load_address>
         <readonly>true</readonly>
         <executable>true</executable>
         <run_address>0x85a50</run_address>
         <size>0x20</size>
         <alignment>0x1</alignment>
         <input_file_ref idref="fl-26"/>
      </object_component>
      <object_component id="oc-252">
         <name>.text</name>
         <load_address>0x85a70</load_address>
         <readonly>true</readonly>
         <executable>true</executable>
         <run_address>0x85a70</run_address>
         <size>0x14</size>
         <alignment>0x1</alignment>
         <input_file_ref idref="fl-f"/>
      </object_component>
      <object_component id="oc-22b">
         <name>.text</name>
         <load_address>0x85a84</load_address>
         <readonly>true</readonly>
         <executable>true</executable>
         <run_address>0x85a84</run_address>
         <size>0x12</size>
         <alignment>0x1</alignment>
         <input_file_ref idref="fl-43"/>
      </object_component>
      <object_component id="oc-24d">
         <name>.text</name>
         <load_address>0x85a96</load_address>
         <readonly>true</readonly>
         <executable>true</executable>
         <run_address>0x85a96</run_address>
         <size>0x9</size>
         <alignment>0x1</alignment>
         <input_file_ref idref="fl-42"/>
      </object_component>
      <object_component id="oc-99">
         <name>.text</name>
         <load_address>0x85a9f</load_address>
         <readonly>true</readonly>
         <executable>true</executable>
         <run_address>0x85a9f</run_address>
         <size>0x8</size>
         <alignment>0x1</alignment>
         <input_file_ref idref="fl-4"/>
      </object_component>
      <object_component id="oc-259">
         <name>.text</name>
         <load_address>0x85aa7</load_address>
         <readonly>true</readonly>
         <executable>true</executable>
         <run_address>0x85aa7</run_address>
         <size>0x7</size>
         <alignment>0x1</alignment>
         <input_file_ref idref="fl-44"/>
      </object_component>
      <object_component id="oc-24b">
         <name>.text</name>
         <load_address>0x85aae</load_address>
         <readonly>true</readonly>
         <executable>true</executable>
         <run_address>0x85aae</run_address>
         <size>0x6</size>
         <alignment>0x1</alignment>
         <input_file_ref idref="fl-1c"/>
      </object_component>
      <object_component id="oc-a5">
         <name>.text</name>
         <load_address>0x85ab4</load_address>
         <readonly>true</readonly>
         <executable>true</executable>
         <run_address>0x85ab4</run_address>
         <size>0x3</size>
         <alignment>0x1</alignment>
         <input_file_ref idref="fl-6"/>
      </object_component>
      <object_component id="oc-228">
         <name>.text</name>
         <load_address>0x85ab7</load_address>
         <readonly>true</readonly>
         <executable>true</executable>
         <run_address>0x85ab7</run_address>
         <size>0x2</size>
         <alignment>0x1</alignment>
         <input_file_ref idref="fl-3f"/>
      </object_component>
      <object_component id="oc-24a">
         <name>.text</name>
         <load_address>0x85ab9</load_address>
         <readonly>true</readonly>
         <executable>true</executable>
         <run_address>0x85ab9</run_address>
         <size>0x1</size>
         <alignment>0x1</alignment>
         <input_file_ref idref="fl-19"/>
      </object_component>
      <object_component id="oc-9a">
         <name>codestart</name>
         <load_address>0x80000</load_address>
         <readonly>true</readonly>
         <executable>true</executable>
         <run_address>0x80000</run_address>
         <size>0x2</size>
         <alignment>0x1</alignment>
         <input_file_ref idref="fl-4"/>
      </object_component>
      <object_component id="oc-25e">
         <name>.TI.ramfunc</name>
         <load_address>0x86000</load_address>
         <readonly>true</readonly>
         <executable>true</executable>
         <run_address>0x8000</run_address>
         <size>0x78</size>
         <alignment>0x1</alignment>
         <input_file_ref idref="fl-11"/>
      </object_component>
      <object_component id="oc-15c">
         <name>.TI.ramfunc</name>
         <load_address>0x86078</load_address>
         <readonly>true</readonly>
         <executable>true</executable>
         <run_address>0x8078</run_address>
         <size>0x4</size>
         <alignment>0x1</alignment>
         <input_file_ref idref="fl-14"/>
      </object_component>
      <object_component id="oc-1f3">
         <name>.stack</name>
         <uninitialized>true</uninitialized>
         <readwrite>true</readwrite>
         <run_address>0x400</run_address>
         <size>0x0</size>
         <alignment>0x1</alignment>
         <input_file_ref idref="fl-3b"/>
      </object_component>
      <object_component id="oc-2fd">
         <name>.stack</name>
         <uninitialized>true</uninitialized>
         <readwrite>true</readwrite>
         <run_address>0x400</run_address>
         <size>0x0</size>
         <alignment>0x2</alignment>
      </object_component>
      <object_component id="oc-258">
         <name>.ebss:_OLED_FrameBuffer</name>
         <uninitialized>true</uninitialized>
         <readwrite>true</readwrite>
         <run_address>0xa800</run_address>
         <size>0x400</size>
         <alignment>0x1</alignment>
         <input_file_ref idref="fl-1e"/>
      </object_component>
      <object_component id="oc-23c">
         <name>.ebss:_SCI_RxBuffer</name>
         <uninitialized>true</uninitialized>
         <readwrite>true</readwrite>
         <run_address>0xac00</run_address>
         <size>0x200</size>
         <alignment>0x1</alignment>
         <input_file_ref idref="fl-25"/>
      </object_component>
      <object_component id="oc-1e4">
         <name>.ebss</name>
         <uninitialized>true</uninitialized>
         <readwrite>true</readwrite>
         <run_address>0xae00</run_address>
         <size>0x1a2</size>
         <alignment>0x2</alignment>
         <input_file_ref idref="fl-27"/>
      </object_component>
      <object_component id="oc-230">
         <name>.ebss:_TRIP_SEL</name>
         <uninitialized>true</uninitialized>
         <readwrite>true</readwrite>
         <run_address>0xafa2</run_address>
         <size>0x1e</size>
         <alignment>0x2</alignment>
         <input_file_ref idref="fl-13"/>
      </object_component>
      <object_component id="oc-257">
         <name>.ebss:_SCI_ReceivedPayload</name>
         <uninitialized>true</uninitialized>
         <readwrite>true</readwrite>
         <run_address>0xafc0</run_address>
         <size>0x40</size>
         <alignment>0x1</alignment>
         <input_file_ref idref="fl-17"/>
      </object_component>
      <object_component id="oc-25c">
         <name>.ebss:_tx$2</name>
         <uninitialized>true</uninitialized>
         <readwrite>true</readwrite>
         <run_address>0xc000</run_address>
         <size>0x81</size>
         <alignment>0x1</alignment>
         <input_file_ref idref="fl-1e"/>
      </object_component>
      <object_component id="oc-155">
         <name>.ebss</name>
         <uninitialized>true</uninitialized>
         <readwrite>true</readwrite>
         <run_address>0xc081</run_address>
         <size>0x1</size>
         <alignment>0x1</alignment>
         <input_file_ref idref="fl-12"/>
      </object_component>
      <object_component id="oc-1ee">
         <name>.ebss</name>
         <uninitialized>true</uninitialized>
         <readwrite>true</readwrite>
         <run_address>0xc082</run_address>
         <size>0x36</size>
         <alignment>0x2</alignment>
         <input_file_ref idref="fl-29"/>
      </object_component>
      <object_component id="oc-231">
         <name>.ebss:_EQEP</name>
         <uninitialized>true</uninitialized>
         <readwrite>true</readwrite>
         <run_address>0xc0b8</run_address>
         <size>0x8</size>
         <alignment>0x2</alignment>
         <input_file_ref idref="fl-13"/>
      </object_component>
      <object_component id="oc-182">
         <name>.ebss</name>
         <uninitialized>true</uninitialized>
         <readwrite>true</readwrite>
         <run_address>0xc0c0</run_address>
         <size>0x36</size>
         <alignment>0x2</alignment>
         <input_file_ref idref="fl-1a"/>
      </object_component>
      <object_component id="oc-235">
         <name>.ebss:_ADC</name>
         <uninitialized>true</uninitialized>
         <readwrite>true</readwrite>
         <run_address>0xc0f6</run_address>
         <size>0xa</size>
         <alignment>0x2</alignment>
         <input_file_ref idref="fl-13"/>
      </object_component>
      <object_component id="oc-1a8">
         <name>.ebss</name>
         <uninitialized>true</uninitialized>
         <readwrite>true</readwrite>
         <run_address>0xc100</run_address>
         <size>0x30</size>
         <alignment>0x2</alignment>
         <input_file_ref idref="fl-20"/>
      </object_component>
      <object_component id="oc-22f">
         <name>.ebss:_ECAP</name>
         <uninitialized>true</uninitialized>
         <readwrite>true</readwrite>
         <run_address>0xc130</run_address>
         <size>0xe</size>
         <alignment>0x2</alignment>
         <input_file_ref idref="fl-13"/>
      </object_component>
      <object_component id="oc-23f">
         <name>.ebss:__lock</name>
         <uninitialized>true</uninitialized>
         <readwrite>true</readwrite>
         <run_address>0xc13e</run_address>
         <size>0x2</size>
         <alignment>0x2</alignment>
         <input_file_ref idref="fl-42"/>
      </object_component>
      <object_component id="oc-236">
         <name>.ebss:_EPWM</name>
         <uninitialized>true</uninitialized>
         <readwrite>true</readwrite>
         <run_address>0xc140</run_address>
         <size>0x1a</size>
         <alignment>0x2</alignment>
         <input_file_ref idref="fl-13"/>
      </object_component>
      <object_component id="oc-a0">
         <name>.ebss</name>
         <uninitialized>true</uninitialized>
         <readwrite>true</readwrite>
         <run_address>0xc15a</run_address>
         <size>0x18</size>
         <alignment>0x2</alignment>
         <input_file_ref idref="fl-5"/>
      </object_component>
      <object_component id="oc-16f">
         <name>.ebss</name>
         <uninitialized>true</uninitialized>
         <readwrite>true</readwrite>
         <run_address>0xc172</run_address>
         <size>0xe</size>
         <alignment>0x2</alignment>
         <input_file_ref idref="fl-17"/>
      </object_component>
      <object_component id="oc-22e">
         <name>.ebss:_SPI</name>
         <uninitialized>true</uninitialized>
         <readwrite>true</readwrite>
         <run_address>0xc180</run_address>
         <size>0x8</size>
         <alignment>0x2</alignment>
         <input_file_ref idref="fl-13"/>
      </object_component>
      <object_component id="oc-1e8">
         <name>.ebss</name>
         <uninitialized>true</uninitialized>
         <readwrite>true</readwrite>
         <run_address>0xc188</run_address>
         <size>0x8</size>
         <alignment>0x2</alignment>
         <input_file_ref idref="fl-28"/>
      </object_component>
      <object_component id="oc-168">
         <name>.ebss</name>
         <uninitialized>true</uninitialized>
         <readwrite>true</readwrite>
         <run_address>0xc190</run_address>
         <size>0x8</size>
         <alignment>0x1</alignment>
         <input_file_ref idref="fl-16"/>
      </object_component>
      <object_component id="oc-198">
         <name>.ebss</name>
         <uninitialized>true</uninitialized>
         <readwrite>true</readwrite>
         <run_address>0xc198</run_address>
         <size>0x7</size>
         <alignment>0x1</alignment>
         <input_file_ref idref="fl-1e"/>
      </object_component>
      <object_component id="oc-1c2">
         <name>.ebss</name>
         <uninitialized>true</uninitialized>
         <readwrite>true</readwrite>
         <run_address>0xc19f</run_address>
         <size>0x1</size>
         <alignment>0x1</alignment>
         <input_file_ref idref="fl-22"/>
      </object_component>
      <object_component id="oc-234">
         <name>.ebss:_SDFM</name>
         <uninitialized>true</uninitialized>
         <readwrite>true</readwrite>
         <run_address>0xc1a0</run_address>
         <size>0x6</size>
         <alignment>0x2</alignment>
         <input_file_ref idref="fl-13"/>
      </object_component>
      <object_component id="oc-1ba">
         <name>.ebss</name>
         <uninitialized>true</uninitialized>
         <readwrite>true</readwrite>
         <run_address>0xc1a6</run_address>
         <size>0x6</size>
         <alignment>0x2</alignment>
         <input_file_ref idref="fl-21"/>
      </object_component>
      <object_component id="oc-214">
         <name>.ebss</name>
         <uninitialized>true</uninitialized>
         <readwrite>true</readwrite>
         <run_address>0xc1ac</run_address>
         <size>0x6</size>
         <alignment>0x2</alignment>
         <input_file_ref idref="fl-41"/>
      </object_component>
      <object_component id="oc-1d6">
         <name>.ebss</name>
         <uninitialized>true</uninitialized>
         <readwrite>true</readwrite>
         <run_address>0xc1b2</run_address>
         <size>0x6</size>
         <alignment>0x2</alignment>
         <input_file_ref idref="fl-25"/>
      </object_component>
      <object_component id="oc-265">
         <name>.ebss:_GPIO_KeyDebounceCount</name>
         <uninitialized>true</uninitialized>
         <readwrite>true</readwrite>
         <run_address>0xc1b8</run_address>
         <size>0x4</size>
         <alignment>0x1</alignment>
         <input_file_ref idref="fl-23"/>
      </object_component>
      <object_component id="oc-263">
         <name>.ebss:_GPIO_KeyLastPressed</name>
         <uninitialized>true</uninitialized>
         <readwrite>true</readwrite>
         <run_address>0xc1bc</run_address>
         <size>0x4</size>
         <alignment>0x1</alignment>
         <input_file_ref idref="fl-23"/>
      </object_component>
      <object_component id="oc-261">
         <name>.ebss:_GPIO_KeyStablePressed</name>
         <uninitialized>true</uninitialized>
         <readwrite>true</readwrite>
         <run_address>0xc1c0</run_address>
         <size>0x4</size>
         <alignment>0x1</alignment>
         <input_file_ref idref="fl-23"/>
      </object_component>
      <object_component id="oc-232">
         <name>.ebss:_I2C</name>
         <uninitialized>true</uninitialized>
         <readwrite>true</readwrite>
         <run_address>0xc1c4</run_address>
         <size>0x4</size>
         <alignment>0x2</alignment>
         <input_file_ref idref="fl-13"/>
      </object_component>
      <object_component id="oc-233">
         <name>.ebss:_MCBSP</name>
         <uninitialized>true</uninitialized>
         <readwrite>true</readwrite>
         <run_address>0xc1c8</run_address>
         <size>0x4</size>
         <alignment>0x2</alignment>
         <input_file_ref idref="fl-13"/>
      </object_component>
      <object_component id="oc-22d">
         <name>.ebss:_SCI</name>
         <uninitialized>true</uninitialized>
         <readwrite>true</readwrite>
         <run_address>0xc1cc</run_address>
         <size>0x4</size>
         <alignment>0x2</alignment>
         <input_file_ref idref="fl-13"/>
      </object_component>
      <object_component id="oc-1a0">
         <name>.ebss</name>
         <uninitialized>true</uninitialized>
         <readwrite>true</readwrite>
         <run_address>0xc1d0</run_address>
         <size>0x4</size>
         <alignment>0x2</alignment>
         <input_file_ref idref="fl-1f"/>
      </object_component>
      <object_component id="oc-25d">
         <name>.ebss:__unlock</name>
         <uninitialized>true</uninitialized>
         <readwrite>true</readwrite>
         <run_address>0xc1d4</run_address>
         <size>0x2</size>
         <alignment>0x2</alignment>
         <input_file_ref idref="fl-42"/>
      </object_component>
      <object_component id="oc-176">
         <name>.ebss</name>
         <uninitialized>true</uninitialized>
         <readwrite>true</readwrite>
         <run_address>0xc1d6</run_address>
         <size>0x2</size>
         <alignment>0x1</alignment>
         <input_file_ref idref="fl-18"/>
      </object_component>
      <object_component id="oc-1ca">
         <name>.ebss</name>
         <uninitialized>true</uninitialized>
         <readwrite>true</readwrite>
         <run_address>0xc1d8</run_address>
         <size>0x1</size>
         <alignment>0x1</alignment>
         <input_file_ref idref="fl-23"/>
      </object_component>
      <object_component id="oc-1b1">
         <name>adcFastDmaBuffer0</name>
         <uninitialized>true</uninitialized>
         <readwrite>true</readwrite>
         <run_address>0xe000</run_address>
         <size>0xa8c</size>
         <alignment>0x1</alignment>
         <input_file_ref idref="fl-20"/>
      </object_component>
      <object_component id="oc-1b2">
         <name>adcFastDmaBuffer1</name>
         <uninitialized>true</uninitialized>
         <readwrite>true</readwrite>
         <run_address>0xf000</run_address>
         <size>0xa8c</size>
         <alignment>0x1</alignment>
         <input_file_ref idref="fl-20"/>
      </object_component>
      <object_component id="oc-1ad">
         <name>adcPvCurrentDmaBuffer0</name>
         <uninitialized>true</uninitialized>
         <readwrite>true</readwrite>
         <run_address>0x10000</run_address>
         <size>0x140</size>
         <alignment>0x1</alignment>
         <input_file_ref idref="fl-20"/>
      </object_component>
      <object_component id="oc-1ae">
         <name>adcPvCurrentDmaBuffer1</name>
         <uninitialized>true</uninitialized>
         <readwrite>true</readwrite>
         <run_address>0x10140</run_address>
         <size>0x140</size>
         <alignment>0x1</alignment>
         <input_file_ref idref="fl-20"/>
      </object_component>
      <object_component id="oc-1af">
         <name>adcPvVoltageDmaBuffer0</name>
         <uninitialized>true</uninitialized>
         <readwrite>true</readwrite>
         <run_address>0x11000</run_address>
         <size>0x140</size>
         <alignment>0x1</alignment>
         <input_file_ref idref="fl-20"/>
      </object_component>
      <object_component id="oc-1b0">
         <name>adcPvVoltageDmaBuffer1</name>
         <uninitialized>true</uninitialized>
         <readwrite>true</readwrite>
         <run_address>0x11140</run_address>
         <size>0x140</size>
         <alignment>0x1</alignment>
         <input_file_ref idref="fl-20"/>
      </object_component>
      <object_component id="oc-1a9">
         <name>adcIsolationDmaBuffer0</name>
         <uninitialized>true</uninitialized>
         <readwrite>true</readwrite>
         <run_address>0x12000</run_address>
         <size>0x20</size>
         <alignment>0x1</alignment>
         <input_file_ref idref="fl-20"/>
      </object_component>
      <object_component id="oc-1aa">
         <name>adcIsolationDmaBuffer1</name>
         <uninitialized>true</uninitialized>
         <readwrite>true</readwrite>
         <run_address>0x12020</run_address>
         <size>0x20</size>
         <alignment>0x1</alignment>
         <input_file_ref idref="fl-20"/>
      </object_component>
      <object_component id="oc-1ab">
         <name>adcTemperatureDmaBuffer0</name>
         <uninitialized>true</uninitialized>
         <readwrite>true</readwrite>
         <run_address>0x13000</run_address>
         <size>0x20</size>
         <alignment>0x1</alignment>
         <input_file_ref idref="fl-20"/>
      </object_component>
      <object_component id="oc-1ac">
         <name>adcTemperatureDmaBuffer1</name>
         <uninitialized>true</uninitialized>
         <readwrite>true</readwrite>
         <run_address>0x13020</run_address>
         <size>0x20</size>
         <alignment>0x1</alignment>
         <input_file_ref idref="fl-20"/>
      </object_component>
      <object_component id="oc-25f">
         <name>.econst:_PieVectTableInit</name>
         <load_address>0x90000</load_address>
         <readwrite>true</readwrite>
         <run_address>0x90000</run_address>
         <size>0x1c0</size>
         <alignment>0x2</alignment>
         <input_file_ref idref="fl-f"/>
      </object_component>
      <object_component id="oc-25b">
         <name>.econst:_OLED_Font5x7</name>
         <load_address>0x901c0</load_address>
         <readwrite>true</readwrite>
         <run_address>0x901c0</run_address>
         <size>0x168</size>
         <alignment>0x1</alignment>
         <input_file_ref idref="fl-1e"/>
      </object_component>
      <object_component id="oc-199">
         <name>.econst:.string</name>
         <load_address>0x90328</load_address>
         <readwrite>true</readwrite>
         <run_address>0x90328</run_address>
         <size>0xd7</size>
         <alignment>0x2</alignment>
         <input_file_ref idref="fl-1e"/>
      </object_component>
      <object_component id="oc-25a">
         <name>.econst:.string:_initCommands$1</name>
         <load_address>0x903ff</load_address>
         <readwrite>true</readwrite>
         <run_address>0x903ff</run_address>
         <size>0x19</size>
         <alignment>0x1</alignment>
         <input_file_ref idref="fl-1e"/>
      </object_component>
      <object_component id="oc-260">
         <name>.econst:_$P$T0$1</name>
         <load_address>0x90418</load_address>
         <readwrite>true</readwrite>
         <run_address>0x90418</run_address>
         <size>0x4</size>
         <alignment>0x1</alignment>
         <input_file_ref idref="fl-23"/>
      </object_component>
      <object_component id="oc-1f4">
         <name>.reset</name>
         <load_address>0x3fffc0</load_address>
         <readwrite>true</readwrite>
         <run_address>0x3fffc0</run_address>
         <size>0x2</size>
         <alignment>0x2</alignment>
         <input_file_ref idref="fl-3b"/>
      </object_component>
      <object_component id="oc-267">
         <name>.TI.memcrc:_ccs_flash_checksum</name>
         <load_address>0x0</load_address>
         <readonly>true</readonly>
         <run_address>0x0</run_address>
         <size>0xba</size>
         <alignment>0x2</alignment>
      </object_component>
      <object_component id="oc-136">
         <name>PieVectTableFile</name>
         <uninitialized>true</uninitialized>
         <readwrite>true</readwrite>
         <run_address>0xd00</run_address>
         <size>0x1c0</size>
         <alignment>0x2</alignment>
         <input_file_ref idref="fl-b"/>
      </object_component>
      <object_component id="oc-102">
         <name>AccessProtectionRegsFile</name>
         <uninitialized>true</uninitialized>
         <readwrite>true</readwrite>
         <run_address>0x5f4c0</run_address>
         <size>0x2e</size>
         <alignment>0x2</alignment>
         <input_file_ref idref="fl-b"/>
      </object_component>
      <object_component id="oc-118">
         <name>AdcaRegsFile</name>
         <uninitialized>true</uninitialized>
         <readwrite>true</readwrite>
         <run_address>0x7400</run_address>
         <size>0x7c</size>
         <alignment>0x2</alignment>
         <input_file_ref idref="fl-b"/>
      </object_component>
      <object_component id="oc-11a">
         <name>AdcbRegsFile</name>
         <uninitialized>true</uninitialized>
         <readwrite>true</readwrite>
         <run_address>0x7480</run_address>
         <size>0x7c</size>
         <alignment>0x2</alignment>
         <input_file_ref idref="fl-b"/>
      </object_component>
      <object_component id="oc-11b">
         <name>AdccRegsFile</name>
         <uninitialized>true</uninitialized>
         <readwrite>true</readwrite>
         <run_address>0x7500</run_address>
         <size>0x7c</size>
         <alignment>0x2</alignment>
         <input_file_ref idref="fl-b"/>
      </object_component>
      <object_component id="oc-11c">
         <name>AdcdRegsFile</name>
         <uninitialized>true</uninitialized>
         <readwrite>true</readwrite>
         <run_address>0x7580</run_address>
         <size>0x7c</size>
         <alignment>0x2</alignment>
         <input_file_ref idref="fl-b"/>
      </object_component>
      <object_component id="oc-da">
         <name>AdcaResultRegsFile</name>
         <uninitialized>true</uninitialized>
         <readwrite>true</readwrite>
         <run_address>0xb00</run_address>
         <size>0x18</size>
         <alignment>0x2</alignment>
         <input_file_ref idref="fl-b"/>
      </object_component>
      <object_component id="oc-db">
         <name>AdcbResultRegsFile</name>
         <uninitialized>true</uninitialized>
         <readwrite>true</readwrite>
         <run_address>0xb20</run_address>
         <size>0x18</size>
         <alignment>0x2</alignment>
         <input_file_ref idref="fl-b"/>
      </object_component>
      <object_component id="oc-dc">
         <name>AdccResultRegsFile</name>
         <uninitialized>true</uninitialized>
         <readwrite>true</readwrite>
         <run_address>0xb40</run_address>
         <size>0x18</size>
         <alignment>0x2</alignment>
         <input_file_ref idref="fl-b"/>
      </object_component>
      <object_component id="oc-dd">
         <name>AdcdResultRegsFile</name>
         <uninitialized>true</uninitialized>
         <readwrite>true</readwrite>
         <run_address>0xb60</run_address>
         <size>0x18</size>
         <alignment>0x2</alignment>
         <input_file_ref idref="fl-b"/>
      </object_component>
      <object_component id="oc-106">
         <name>AnalogSubsysRegsFile</name>
         <uninitialized>true</uninitialized>
         <readwrite>true</readwrite>
         <run_address>0x5d180</run_address>
         <size>0x3e</size>
         <alignment>0x2</alignment>
         <input_file_ref idref="fl-b"/>
      </object_component>
      <object_component id="oc-131">
         <name>CanaRegsFile</name>
         <uninitialized>true</uninitialized>
         <readwrite>true</readwrite>
         <run_address>0x48000</run_address>
         <size>0x164</size>
         <alignment>0x4</alignment>
         <input_file_ref idref="fl-b"/>
      </object_component>
      <object_component id="oc-132">
         <name>CanbRegsFile</name>
         <uninitialized>true</uninitialized>
         <readwrite>true</readwrite>
         <run_address>0x4a000</run_address>
         <size>0x164</size>
         <alignment>0x4</alignment>
         <input_file_ref idref="fl-b"/>
      </object_component>
      <object_component id="oc-107">
         <name>Cla1RegsFile</name>
         <uninitialized>true</uninitialized>
         <readwrite>true</readwrite>
         <run_address>0x1400</run_address>
         <size>0x3e</size>
         <alignment>0x2</alignment>
         <input_file_ref idref="fl-b"/>
      </object_component>
      <object_component id="oc-12c">
         <name>Clb1DataExchRegsFile</name>
         <uninitialized>true</uninitialized>
         <readwrite>true</readwrite>
         <run_address>0x3200</run_address>
         <size>0x108</size>
         <alignment>0x2</alignment>
         <input_file_ref idref="fl-b"/>
      </object_component>
      <object_component id="oc-12d">
         <name>Clb2DataExchRegsFile</name>
         <uninitialized>true</uninitialized>
         <readwrite>true</readwrite>
         <run_address>0x3600</run_address>
         <size>0x108</size>
         <alignment>0x2</alignment>
         <input_file_ref idref="fl-b"/>
      </object_component>
      <object_component id="oc-12e">
         <name>Clb3DataExchRegsFile</name>
         <uninitialized>true</uninitialized>
         <readwrite>true</readwrite>
         <run_address>0x3a00</run_address>
         <size>0x108</size>
         <alignment>0x2</alignment>
         <input_file_ref idref="fl-b"/>
      </object_component>
      <object_component id="oc-12f">
         <name>Clb4DataExchRegsFile</name>
         <uninitialized>true</uninitialized>
         <readwrite>true</readwrite>
         <run_address>0x3e00</run_address>
         <size>0x108</size>
         <alignment>0x2</alignment>
         <input_file_ref idref="fl-b"/>
      </object_component>
      <object_component id="oc-108">
         <name>Clb1LogicCfgRegsFile</name>
         <uninitialized>true</uninitialized>
         <readwrite>true</readwrite>
         <run_address>0x3000</run_address>
         <size>0x3e</size>
         <alignment>0x2</alignment>
         <input_file_ref idref="fl-b"/>
      </object_component>
      <object_component id="oc-109">
         <name>Clb2LogicCfgRegsFile</name>
         <uninitialized>true</uninitialized>
         <readwrite>true</readwrite>
         <run_address>0x3400</run_address>
         <size>0x3e</size>
         <alignment>0x2</alignment>
         <input_file_ref idref="fl-b"/>
      </object_component>
      <object_component id="oc-10a">
         <name>Clb3LogicCfgRegsFile</name>
         <uninitialized>true</uninitialized>
         <readwrite>true</readwrite>
         <run_address>0x3800</run_address>
         <size>0x3e</size>
         <alignment>0x2</alignment>
         <input_file_ref idref="fl-b"/>
      </object_component>
      <object_component id="oc-10b">
         <name>Clb4LogicCfgRegsFile</name>
         <uninitialized>true</uninitialized>
         <readwrite>true</readwrite>
         <run_address>0x3c00</run_address>
         <size>0x3e</size>
         <alignment>0x2</alignment>
         <input_file_ref idref="fl-b"/>
      </object_component>
      <object_component id="oc-10c">
         <name>Clb1LogicCtrlRegsFile</name>
         <uninitialized>true</uninitialized>
         <readwrite>true</readwrite>
         <run_address>0x3100</run_address>
         <size>0x40</size>
         <alignment>0x2</alignment>
         <input_file_ref idref="fl-b"/>
      </object_component>
      <object_component id="oc-10d">
         <name>Clb2LogicCtrlRegsFile</name>
         <uninitialized>true</uninitialized>
         <readwrite>true</readwrite>
         <run_address>0x3500</run_address>
         <size>0x40</size>
         <alignment>0x2</alignment>
         <input_file_ref idref="fl-b"/>
      </object_component>
      <object_component id="oc-10e">
         <name>Clb3LogicCtrlRegsFile</name>
         <uninitialized>true</uninitialized>
         <readwrite>true</readwrite>
         <run_address>0x3900</run_address>
         <size>0x40</size>
         <alignment>0x2</alignment>
         <input_file_ref idref="fl-b"/>
      </object_component>
      <object_component id="oc-10f">
         <name>Clb4LogicCtrlRegsFile</name>
         <uninitialized>true</uninitialized>
         <readwrite>true</readwrite>
         <run_address>0x3d00</run_address>
         <size>0x40</size>
         <alignment>0x2</alignment>
         <input_file_ref idref="fl-b"/>
      </object_component>
      <object_component id="oc-110">
         <name>ClbXbarRegsFile</name>
         <uninitialized>true</uninitialized>
         <readwrite>true</readwrite>
         <run_address>0x7a40</run_address>
         <size>0x40</size>
         <alignment>0x2</alignment>
         <input_file_ref idref="fl-b"/>
      </object_component>
      <object_component id="oc-104">
         <name>ClkCfgRegsFile</name>
         <uninitialized>true</uninitialized>
         <readwrite>true</readwrite>
         <run_address>0x5d200</run_address>
         <size>0x32</size>
         <alignment>0x2</alignment>
         <input_file_ref idref="fl-b"/>
      </object_component>
      <object_component id="oc-e7">
         <name>Cmpss1RegsFile</name>
         <uninitialized>true</uninitialized>
         <readwrite>true</readwrite>
         <run_address>0x5c80</run_address>
         <size>0x1b</size>
         <alignment>0x1</alignment>
         <input_file_ref idref="fl-b"/>
      </object_component>
      <object_component id="oc-e8">
         <name>Cmpss2RegsFile</name>
         <uninitialized>true</uninitialized>
         <readwrite>true</readwrite>
         <run_address>0x5ca0</run_address>
         <size>0x1b</size>
         <alignment>0x1</alignment>
         <input_file_ref idref="fl-b"/>
      </object_component>
      <object_component id="oc-e9">
         <name>Cmpss3RegsFile</name>
         <uninitialized>true</uninitialized>
         <readwrite>true</readwrite>
         <run_address>0x5cc0</run_address>
         <size>0x1b</size>
         <alignment>0x1</alignment>
         <input_file_ref idref="fl-b"/>
      </object_component>
      <object_component id="oc-ea">
         <name>Cmpss4RegsFile</name>
         <uninitialized>true</uninitialized>
         <readwrite>true</readwrite>
         <run_address>0x5ce0</run_address>
         <size>0x1b</size>
         <alignment>0x1</alignment>
         <input_file_ref idref="fl-b"/>
      </object_component>
      <object_component id="oc-eb">
         <name>Cmpss5RegsFile</name>
         <uninitialized>true</uninitialized>
         <readwrite>true</readwrite>
         <run_address>0x5d00</run_address>
         <size>0x1b</size>
         <alignment>0x1</alignment>
         <input_file_ref idref="fl-b"/>
      </object_component>
      <object_component id="oc-ec">
         <name>Cmpss6RegsFile</name>
         <uninitialized>true</uninitialized>
         <readwrite>true</readwrite>
         <run_address>0x5d20</run_address>
         <size>0x1b</size>
         <alignment>0x1</alignment>
         <input_file_ref idref="fl-b"/>
      </object_component>
      <object_component id="oc-ed">
         <name>Cmpss7RegsFile</name>
         <uninitialized>true</uninitialized>
         <readwrite>true</readwrite>
         <run_address>0x5d40</run_address>
         <size>0x1b</size>
         <alignment>0x1</alignment>
         <input_file_ref idref="fl-b"/>
      </object_component>
      <object_component id="oc-ee">
         <name>Cmpss8RegsFile</name>
         <uninitialized>true</uninitialized>
         <readwrite>true</readwrite>
         <run_address>0x5d60</run_address>
         <size>0x1b</size>
         <alignment>0x1</alignment>
         <input_file_ref idref="fl-b"/>
      </object_component>
      <object_component id="oc-c9">
         <name>CpuTimer0RegsFile</name>
         <uninitialized>true</uninitialized>
         <readwrite>true</readwrite>
         <run_address>0xc00</run_address>
         <size>0x8</size>
         <alignment>0x2</alignment>
         <input_file_ref idref="fl-b"/>
      </object_component>
      <object_component id="oc-ca">
         <name>CpuTimer1RegsFile</name>
         <uninitialized>true</uninitialized>
         <readwrite>true</readwrite>
         <run_address>0xc08</run_address>
         <size>0x8</size>
         <alignment>0x2</alignment>
         <input_file_ref idref="fl-b"/>
      </object_component>
      <object_component id="oc-cb">
         <name>CpuTimer2RegsFile</name>
         <uninitialized>true</uninitialized>
         <readwrite>true</readwrite>
         <run_address>0xc10</run_address>
         <size>0x8</size>
         <alignment>0x2</alignment>
         <input_file_ref idref="fl-b"/>
      </object_component>
      <object_component id="oc-11d">
         <name>CpuSysRegsFile</name>
         <uninitialized>true</uninitialized>
         <readwrite>true</readwrite>
         <run_address>0x5d300</run_address>
         <size>0x82</size>
         <alignment>0x2</alignment>
         <input_file_ref idref="fl-b"/>
      </object_component>
      <object_component id="oc-c5">
         <name>DacaRegsFile</name>
         <uninitialized>true</uninitialized>
         <readwrite>true</readwrite>
         <run_address>0x5c00</run_address>
         <size>0x7</size>
         <alignment>0x1</alignment>
         <input_file_ref idref="fl-b"/>
      </object_component>
      <object_component id="oc-c6">
         <name>DacbRegsFile</name>
         <uninitialized>true</uninitialized>
         <readwrite>true</readwrite>
         <run_address>0x5c10</run_address>
         <size>0x7</size>
         <alignment>0x1</alignment>
         <input_file_ref idref="fl-b"/>
      </object_component>
      <object_component id="oc-c7">
         <name>DaccRegsFile</name>
         <uninitialized>true</uninitialized>
         <readwrite>true</readwrite>
         <run_address>0x5c20</run_address>
         <size>0x7</size>
         <alignment>0x1</alignment>
         <input_file_ref idref="fl-b"/>
      </object_component>
      <object_component id="oc-c3">
         <name>DcsmCommonRegsFile</name>
         <uninitialized>true</uninitialized>
         <readwrite>true</readwrite>
         <run_address>0x5f070</run_address>
         <size>0x6</size>
         <alignment>0x2</alignment>
         <input_file_ref idref="fl-b"/>
      </object_component>
      <object_component id="oc-f1">
         <name>DcsmZ1RegsFile</name>
         <uninitialized>true</uninitialized>
         <readwrite>true</readwrite>
         <run_address>0x5f000</run_address>
         <size>0x22</size>
         <alignment>0x2</alignment>
         <input_file_ref idref="fl-b"/>
      </object_component>
      <object_component id="oc-f2">
         <name>DcsmZ2RegsFile</name>
         <uninitialized>true</uninitialized>
         <readwrite>true</readwrite>
         <run_address>0x5f040</run_address>
         <size>0x22</size>
         <alignment>0x2</alignment>
         <input_file_ref idref="fl-b"/>
      </object_component>
      <object_component id="oc-130">
         <name>DevCfgRegsFile</name>
         <uninitialized>true</uninitialized>
         <readwrite>true</readwrite>
         <run_address>0x5d000</run_address>
         <size>0x12e</size>
         <alignment>0x2</alignment>
         <input_file_ref idref="fl-b"/>
      </object_component>
      <object_component id="oc-de">
         <name>DmaClaSrcSelRegsFile</name>
         <uninitialized>true</uninitialized>
         <readwrite>true</readwrite>
         <run_address>0x7980</run_address>
         <size>0x1a</size>
         <alignment>0x2</alignment>
         <input_file_ref idref="fl-b"/>
      </object_component>
      <object_component id="oc-11e">
         <name>DmaRegsFile</name>
         <uninitialized>true</uninitialized>
         <readwrite>true</readwrite>
         <run_address>0x1000</run_address>
         <size>0xe0</size>
         <alignment>0x2</alignment>
         <input_file_ref idref="fl-b"/>
      </object_component>
      <object_component id="oc-df">
         <name>ECap1RegsFile</name>
         <uninitialized>true</uninitialized>
         <readwrite>true</readwrite>
         <run_address>0x5000</run_address>
         <size>0x1a</size>
         <alignment>0x2</alignment>
         <input_file_ref idref="fl-b"/>
      </object_component>
      <object_component id="oc-e1">
         <name>ECap2RegsFile</name>
         <uninitialized>true</uninitialized>
         <readwrite>true</readwrite>
         <run_address>0x5020</run_address>
         <size>0x1a</size>
         <alignment>0x2</alignment>
         <input_file_ref idref="fl-b"/>
      </object_component>
      <object_component id="oc-e2">
         <name>ECap3RegsFile</name>
         <uninitialized>true</uninitialized>
         <readwrite>true</readwrite>
         <run_address>0x5040</run_address>
         <size>0x1a</size>
         <alignment>0x2</alignment>
         <input_file_ref idref="fl-b"/>
      </object_component>
      <object_component id="oc-e3">
         <name>ECap4RegsFile</name>
         <uninitialized>true</uninitialized>
         <readwrite>true</readwrite>
         <run_address>0x5060</run_address>
         <size>0x1a</size>
         <alignment>0x2</alignment>
         <input_file_ref idref="fl-b"/>
      </object_component>
      <object_component id="oc-e4">
         <name>ECap5RegsFile</name>
         <uninitialized>true</uninitialized>
         <readwrite>true</readwrite>
         <run_address>0x5080</run_address>
         <size>0x1a</size>
         <alignment>0x2</alignment>
         <input_file_ref idref="fl-b"/>
      </object_component>
      <object_component id="oc-e5">
         <name>ECap6RegsFile</name>
         <uninitialized>true</uninitialized>
         <readwrite>true</readwrite>
         <run_address>0x50a0</run_address>
         <size>0x1a</size>
         <alignment>0x2</alignment>
         <input_file_ref idref="fl-b"/>
      </object_component>
      <object_component id="oc-cc">
         <name>Emif1ConfigRegsFile</name>
         <uninitialized>true</uninitialized>
         <readwrite>true</readwrite>
         <run_address>0x5f480</run_address>
         <size>0xa</size>
         <alignment>0x2</alignment>
         <input_file_ref idref="fl-b"/>
      </object_component>
      <object_component id="oc-cd">
         <name>Emif2ConfigRegsFile</name>
         <uninitialized>true</uninitialized>
         <readwrite>true</readwrite>
         <run_address>0x5f4a0</run_address>
         <size>0xa</size>
         <alignment>0x2</alignment>
         <input_file_ref idref="fl-b"/>
      </object_component>
      <object_component id="oc-fd">
         <name>Emif1RegsFile</name>
         <uninitialized>true</uninitialized>
         <readwrite>true</readwrite>
         <run_address>0x47000</run_address>
         <size>0x28</size>
         <alignment>0x2</alignment>
         <input_file_ref idref="fl-b"/>
      </object_component>
      <object_component id="oc-fe">
         <name>Emif2RegsFile</name>
         <uninitialized>true</uninitialized>
         <readwrite>true</readwrite>
         <run_address>0x47800</run_address>
         <size>0x28</size>
         <alignment>0x2</alignment>
         <input_file_ref idref="fl-b"/>
      </object_component>
      <object_component id="oc-11f">
         <name>EPwm1RegsFile</name>
         <uninitialized>true</uninitialized>
         <readwrite>true</readwrite>
         <run_address>0x4000</run_address>
         <size>0x100</size>
         <alignment>0x2</alignment>
         <input_file_ref idref="fl-b"/>
      </object_component>
      <object_component id="oc-121">
         <name>EPwm2RegsFile</name>
         <uninitialized>true</uninitialized>
         <readwrite>true</readwrite>
         <run_address>0x4100</run_address>
         <size>0x100</size>
         <alignment>0x2</alignment>
         <input_file_ref idref="fl-b"/>
      </object_component>
      <object_component id="oc-122">
         <name>EPwm3RegsFile</name>
         <uninitialized>true</uninitialized>
         <readwrite>true</readwrite>
         <run_address>0x4200</run_address>
         <size>0x100</size>
         <alignment>0x2</alignment>
         <input_file_ref idref="fl-b"/>
      </object_component>
      <object_component id="oc-123">
         <name>EPwm4RegsFile</name>
         <uninitialized>true</uninitialized>
         <readwrite>true</readwrite>
         <run_address>0x4300</run_address>
         <size>0x100</size>
         <alignment>0x2</alignment>
         <input_file_ref idref="fl-b"/>
      </object_component>
      <object_component id="oc-124">
         <name>EPwm5RegsFile</name>
         <uninitialized>true</uninitialized>
         <readwrite>true</readwrite>
         <run_address>0x4400</run_address>
         <size>0x100</size>
         <alignment>0x2</alignment>
         <input_file_ref idref="fl-b"/>
      </object_component>
      <object_component id="oc-125">
         <name>EPwm6RegsFile</name>
         <uninitialized>true</uninitialized>
         <readwrite>true</readwrite>
         <run_address>0x4500</run_address>
         <size>0x100</size>
         <alignment>0x2</alignment>
         <input_file_ref idref="fl-b"/>
      </object_component>
      <object_component id="oc-126">
         <name>EPwm7RegsFile</name>
         <uninitialized>true</uninitialized>
         <readwrite>true</readwrite>
         <run_address>0x4600</run_address>
         <size>0x100</size>
         <alignment>0x2</alignment>
         <input_file_ref idref="fl-b"/>
      </object_component>
      <object_component id="oc-127">
         <name>EPwm8RegsFile</name>
         <uninitialized>true</uninitialized>
         <readwrite>true</readwrite>
         <run_address>0x4700</run_address>
         <size>0x100</size>
         <alignment>0x2</alignment>
         <input_file_ref idref="fl-b"/>
      </object_component>
      <object_component id="oc-128">
         <name>EPwm9RegsFile</name>
[...]
         <name>_I2C</name>
         <value>0xc1c4</value>
         <object_component_ref idref="oc-232"/>
      </symbol>
      <symbol id="sm-5cb">
         <name>_TRIP_SEL</name>
         <value>0xafa2</value>
         <object_component_ref idref="oc-230"/>
      </symbol>
      <symbol id="sm-5cc">
         <name>_EPWM</name>
         <value>0xc140</value>
         <object_component_ref idref="oc-236"/>
      </symbol>
      <symbol id="sm-5cd">
         <name>_MCBSP</name>
         <value>0xc1c8</value>
         <object_component_ref idref="oc-233"/>
      </symbol>
      <symbol id="sm-5ce">
         <name>_ECAP</name>
         <value>0xc130</value>
         <object_component_ref idref="oc-22f"/>
      </symbol>
      <symbol id="sm-5cf">
         <name>_SPI</name>
         <value>0xc180</value>
         <object_component_ref idref="oc-22e"/>
      </symbol>
      <symbol id="sm-5d0">
         <name>_EQEP</name>
         <value>0xc0b8</value>
         <object_component_ref idref="oc-231"/>
      </symbol>
      <symbol id="sm-5d1">
         <name>_SDFM</name>
         <value>0xc1a0</value>
         <object_component_ref idref="oc-234"/>
      </symbol>
      <symbol id="sm-5d2">
         <name>_ADC</name>
         <value>0xc0f6</value>
         <object_component_ref idref="oc-235"/>
      </symbol>
      <symbol id="sm-5d3">
         <name>_SCI</name>
         <value>0xc1cc</value>
         <object_component_ref idref="oc-22d"/>
      </symbol>
      <symbol id="sm-5df">
         <name>_F28x_usDelay</name>
         <value>0x8078</value>
         <object_component_ref idref="oc-15c"/>
      </symbol>
      <symbol id="sm-5eb">
         <name>_Inverter_Init</name>
         <value>0x85944</value>
         <object_component_ref idref="oc-244"/>
      </symbol>
      <symbol id="sm-5ed">
         <name>_Inverter_EnterSafeOutput</name>
         <value>0x85961</value>
         <object_component_ref idref="oc-244"/>
      </symbol>
      <symbol id="sm-60d">
         <name>_Scheduler_Init</name>
         <value>0x8587b</value>
         <object_component_ref idref="oc-23a"/>
      </symbol>
      <symbol id="sm-60f">
         <name>_Scheduler_Tick1ms</name>
         <value>0x85835</value>
         <object_component_ref idref="oc-23a"/>
      </symbol>
      <symbol id="sm-611">
         <name>_Scheduler_TakeFlags</name>
         <value>0x85869</value>
         <object_component_ref idref="oc-23a"/>
      </symbol>
      <symbol id="sm-613">
         <name>_Scheduler_NotifyGridZeroCross</name>
         <value>0x85871</value>
         <object_component_ref idref="oc-23a"/>
      </symbol>
      <symbol id="sm-615">
         <name>_Scheduler_NotifyGridPeak</name>
         <value>0x85876</value>
         <object_component_ref idref="oc-23a"/>
      </symbol>
      <symbol id="sm-664">
         <name>_Task_Comm_Init</name>
         <value>0x838b4</value>
         <object_component_ref idref="oc-246"/>
      </symbol>
      <symbol id="sm-666">
         <name>_Task_Comm</name>
         <value>0x83bfc</value>
         <object_component_ref idref="oc-246"/>
      </symbol>
      <symbol id="sm-6a4">
         <name>_Task_Eeprom_Init</name>
         <value>0x832cf</value>
         <object_component_ref idref="oc-245"/>
      </symbol>
      <symbol id="sm-6a6">
         <name>_Task_Eeprom</name>
         <value>0x834ef</value>
         <object_component_ref idref="oc-245"/>
      </symbol>
      <symbol id="sm-6a8">
         <name>_EEPROM_RequestSave</name>
         <value>0x834fc</value>
         <object_component_ref idref="oc-245"/>
      </symbol>
      <symbol id="sm-6b5">
         <name>_Task_Grid</name>
         <value>0x85ab9</value>
         <object_component_ref idref="oc-24a"/>
      </symbol>
      <symbol id="sm-6db">
         <name>_Task_Measure</name>
         <value>0x851ec</value>
         <object_component_ref idref="oc-249"/>
      </symbol>
      <symbol id="sm-6ff">
         <name>_Task_MPPT</name>
         <value>0x853dd</value>
         <object_component_ref idref="oc-24c"/>
      </symbol>
      <symbol id="sm-70c">
         <name>_Task_Power</name>
         <value>0x85aae</value>
         <object_component_ref idref="oc-24b"/>
      </symbol>
      <symbol id="sm-70e">
         <name>_Task_DC_Ctrl</name>
         <value>0x85ab3</value>
         <object_component_ref idref="oc-24b"/>
      </symbol>
      <symbol id="sm-761">
         <name>_Task_State</name>
         <value>0x84573</value>
         <object_component_ref idref="oc-247"/>
      </symbol>
      <symbol id="sm-763">
         <name>_Task_State_Init</name>
         <value>0x8430f</value>
         <object_component_ref idref="oc-247"/>
      </symbol>
      <symbol id="sm-7f9">
         <name>_Task_UI_Init</name>
         <value>0x83688</value>
         <object_component_ref idref="oc-248"/>
      </symbol>
      <symbol id="sm-7fb">
         <name>_Task_UI</name>
         <value>0x837cd</value>
         <object_component_ref idref="oc-248"/>
      </symbol>
      <symbol id="sm-817">
         <name>_ADC_Config</name>
         <value>0x84ed5</value>
         <object_component_ref idref="oc-238"/>
      </symbol>
      <symbol id="sm-819">
         <name>_ADCA1_CPU_ISR</name>
         <value>0x8569b</value>
         <object_component_ref idref="oc-1a1"/>
      </symbol>
      <symbol id="sm-884">
         <name>_DMA_CH3_CPU_ISR</name>
         <value>0x854df</value>
         <object_component_ref idref="oc-1b3"/>
      </symbol>
      <symbol id="sm-886">
         <name>_ADC_PvCurrentRawBuffer0</name>
         <value>0x10000</value>
         <object_component_ref idref="oc-1ad"/>
      </symbol>
      <symbol id="sm-887">
         <name>_ADC_PvCurrentRawBuffer1</name>
         <value>0x10140</value>
         <object_component_ref idref="oc-1ae"/>
      </symbol>
      <symbol id="sm-888">
         <name>_DMA_CH1_CPU_ISR</name>
         <value>0x85567</value>
         <object_component_ref idref="oc-1b3"/>
      </symbol>
      <symbol id="sm-88a">
         <name>_DMA_Config</name>
         <value>0x82b8a</value>
         <object_component_ref idref="oc-237"/>
      </symbol>
      <symbol id="sm-88c">
         <name>_ADC_PvVoltageRawBuffer0</name>
         <value>0x11000</value>
         <object_component_ref idref="oc-1af"/>
      </symbol>
      <symbol id="sm-88d">
         <name>_ADC_PvVoltageRawBuffer1</name>
         <value>0x11140</value>
         <object_component_ref idref="oc-1b0"/>
      </symbol>
      <symbol id="sm-88e">
         <name>_DMA_CH4_CPU_ISR</name>
         <value>0x8549b</value>
         <object_component_ref idref="oc-1b3"/>
      </symbol>
      <symbol id="sm-890">
         <name>_ADC_FastRawBuffer1</name>
         <value>0xf000</value>
         <object_component_ref idref="oc-1b2"/>
      </symbol>
      <symbol id="sm-891">
         <name>_ADC_FastRawBuffer0</name>
         <value>0xe000</value>
         <object_component_ref idref="oc-1b1"/>
      </symbol>
      <symbol id="sm-892">
         <name>_DMA_NotifyFastFrameEoc</name>
         <value>0x82ae5</value>
         <object_component_ref idref="oc-237"/>
      </symbol>
      <symbol id="sm-894">
         <name>_DMA_ProcessBlocks</name>
         <value>0x827b0</value>
         <object_component_ref idref="oc-237"/>
      </symbol>
      <symbol id="sm-896">
         <name>_DMA_CH2_CPU_ISR</name>
         <value>0x85523</value>
         <object_component_ref idref="oc-1b3"/>
      </symbol>
      <symbol id="sm-898">
         <name>_DMA_CH5_CPU_ISR</name>
         <value>0x85457</value>
         <object_component_ref idref="oc-1b3"/>
      </symbol>
      <symbol id="sm-89a">
         <name>_DMA_GridCycleBoundary</name>
         <value>0x82b65</value>
         <object_component_ref idref="oc-237"/>
      </symbol>
      <symbol id="sm-89c">
         <name>_ADC_IsolationRawBuffer0</name>
         <value>0x12000</value>
         <object_component_ref idref="oc-1a9"/>
      </symbol>
      <symbol id="sm-89d">
         <name>_ADC_IsolationRawBuffer1</name>
         <value>0x12020</value>
         <object_component_ref idref="oc-1aa"/>
      </symbol>
      <symbol id="sm-89e">
         <name>_ADC_TemperatureRawBuffer1</name>
         <value>0x13020</value>
         <object_component_ref idref="oc-1ac"/>
      </symbol>
      <symbol id="sm-89f">
         <name>_ADC_TemperatureRawBuffer0</name>
         <value>0x13000</value>
         <object_component_ref idref="oc-1ab"/>
      </symbol>
      <symbol id="sm-8b7">
         <name>_ECAP_Config</name>
         <value>0x85907</value>
         <object_component_ref idref="oc-254"/>
      </symbol>
      <symbol id="sm-8b9">
         <name>_ECAP1_BSP_ISR</name>
         <value>0x85714</value>
         <object_component_ref idref="oc-1bb"/>
      </symbol>
      <symbol id="sm-8e5">
         <name>_EPWM_Enable</name>
         <value>0x840f3</value>
         <object_component_ref idref="oc-23b"/>
      </symbol>
      <symbol id="sm-8e7">
         <name>_EPWM4_TZ_BSP_ISR</name>
         <value>0x83f40</value>
         <object_component_ref idref="oc-1c3"/>
      </symbol>
      <symbol id="sm-8e9">
         <name>_EPWM1_TZ_BSP_ISR</name>
         <value>0x83fa8</value>
         <object_component_ref idref="oc-1c3"/>
      </symbol>
      <symbol id="sm-8eb">
         <name>_EPWM_TripZoneForce</name>
         <value>0x84000</value>
         <object_component_ref idref="oc-23b"/>
      </symbol>
      <symbol id="sm-8ed">
         <name>_EPWM_SetBoostDuty</name>
         <value>0x840c1</value>
         <object_component_ref idref="oc-23b"/>
      </symbol>
      <symbol id="sm-8ef">
         <name>_EPWM_SetInverterMode</name>
         <value>0x8406a</value>
         <object_component_ref idref="oc-23b"/>
      </symbol>
      <symbol id="sm-8f1">
         <name>_BEEP_SetFreq</name>
         <value>0x842e3</value>
         <object_component_ref idref="oc-23b"/>
      </symbol>
      <symbol id="sm-8f3">
         <name>_EPWM3_TZ_BSP_ISR</name>
         <value>0x83f75</value>
         <object_component_ref idref="oc-1c3"/>
      </symbol>
      <symbol id="sm-8f5">
         <name>_EPWM_Disable</name>
         <value>0x84116</value>
         <object_component_ref idref="oc-23b"/>
      </symbol>
      <symbol id="sm-8f7">
         <name>_EPWM_Start</name>
         <value>0x84062</value>
         <object_component_ref idref="oc-23b"/>
      </symbol>
      <symbol id="sm-8f9">
         <name>_EPWM_Config</name>
         <value>0x84237</value>
         <object_component_ref idref="oc-23b"/>
      </symbol>
      <symbol id="sm-8fb">
         <name>_EPWM_TripZoneClear</name>
         <value>0x84014</value>
         <object_component_ref idref="oc-23b"/>
      </symbol>
      <symbol id="sm-931">
         <name>_GPIO_Config</name>
         <value>0x8462d</value>
         <object_component_ref idref="oc-253"/>
      </symbol>
      <symbol id="sm-933">
         <name>_GPIO_GetKeyEvents</name>
         <value>0x845c5</value>
         <object_component_ref idref="oc-253"/>
      </symbol>
      <symbol id="sm-989">
         <name>_I2C_MasterWriteRead</name>
         <value>0x84ab7</value>
         <object_component_ref idref="oc-256"/>
      </symbol>
      <symbol id="sm-98b">
         <name>_I2C_MasterProbe</name>
         <value>0x84c60</value>
         <object_component_ref idref="oc-256"/>
      </symbol>
      <symbol id="sm-98d">
         <name>_I2C_MasterRead</name>
         <value>0x84bf4</value>
         <object_component_ref idref="oc-256"/>
      </symbol>
      <symbol id="sm-98f">
         <name>_I2C_Config</name>
         <value>0x84ca6</value>
         <object_component_ref idref="oc-256"/>
      </symbol>
      <symbol id="sm-991">
         <name>_I2C_MasterWrite</name>
         <value>0x84b5a</value>
         <object_component_ref idref="oc-256"/>
      </symbol>
      <symbol id="sm-9b4">
         <name>_SCI_SendByte</name>
         <value>0x857e3</value>
         <object_component_ref idref="oc-255"/>
      </symbol>
      <symbol id="sm-9b6">
         <name>_SCI_ReadByte</name>
         <value>0x857f6</value>
         <object_component_ref idref="oc-255"/>
      </symbol>
      <symbol id="sm-9b8">
         <name>_SCI_RxDataPending</name>
         <value>0xc1b4</value>
         <object_component_ref idref="oc-1d6"/>
      </symbol>
      <symbol id="sm-9b9">
         <name>_SCIB_BSP_RX_ISR</name>
         <value>0x858c7</value>
         <object_component_ref idref="oc-1d7"/>
      </symbol>
      <symbol id="sm-9bb">
         <name>_SCI_SendString</name>
         <value>0x857ee</value>
         <object_component_ref idref="oc-255"/>
      </symbol>
      <symbol id="sm-9bd">
         <name>_SCI_Config</name>
         <value>0x8580c</value>
         <object_component_ref idref="oc-255"/>
      </symbol>
      <symbol id="sm-9cd">
         <name>_Timer0_Init</name>
         <value>0x85a50</value>
         <object_component_ref idref="oc-243"/>
      </symbol>
      <symbol id="sm-9e2">
         <name>_gMachineData</name>
         <value>0xaf40</value>
         <object_component_ref idref="oc-1e4"/>
      </symbol>
      <symbol id="sm-9e3">
         <name>_gMpptData</name>
         <value>0xaec0</value>
         <object_component_ref idref="oc-1e4"/>
      </symbol>
      <symbol id="sm-9e4">
         <name>_gPowerData</name>
         <value>0xae80</value>
         <object_component_ref idref="oc-1e4"/>
      </symbol>
      <symbol id="sm-9e5">
         <name>_gAdcCal</name>
         <value>0xaf00</value>
         <object_component_ref idref="oc-1e4"/>
      </symbol>
      <symbol id="sm-9e6">
         <name>_gInvCtrlData</name>
         <value>0xae40</value>
         <object_component_ref idref="oc-1e4"/>
      </symbol>
      <symbol id="sm-9e7">
         <name>_gBusCtrlData</name>
         <value>0xae5a</value>
         <object_component_ref idref="oc-1e4"/>
      </symbol>
      <symbol id="sm-9e8">
         <name>_gSysData</name>
         <value>0xae02</value>
         <object_component_ref idref="oc-1e4"/>
      </symbol>
      <symbol id="sm-9e9">
         <name>_gGridData</name>
         <value>0xae14</value>
         <object_component_ref idref="oc-1e4"/>
      </symbol>
      <symbol id="sm-9ea">
         <name>_gSysFault</name>
         <value>0xae00</value>
         <object_component_ref idref="oc-1e4"/>
      </symbol>
      <symbol id="sm-9eb">
         <name>_gReactiveData</name>
         <value>0xae28</value>
         <object_component_ref idref="oc-1e4"/>
      </symbol>
      <symbol id="sm-a22">
         <name>_Ctrl_Disable</name>
         <value>0x84a71</value>
         <object_component_ref idref="oc-239"/>
      </symbol>
      <symbol id="sm-a24">
         <name>_Ctrl_Enable</name>
         <value>0x84a62</value>
         <object_component_ref idref="oc-239"/>
      </symbol>
      <symbol id="sm-a26">
         <name>_Ctrl_FastRun</name>
         <value>0x8498c</value>
         <object_component_ref idref="oc-239"/>
      </symbol>
      <symbol id="sm-a28">
         <name>_Ctrl_SetInductorCurrentAmp</name>
         <value>0x8481c</value>
         <object_component_ref idref="oc-239"/>
      </symbol>
      <symbol id="sm-a2a">
         <name>_Ctrl_GetInductorCurrentAmp</name>
         <value>0x84849</value>
         <object_component_ref idref="oc-239"/>
      </symbol>
      <symbol id="sm-a2c">
         <name>_Ctrl_Init</name>
         <value>0x84840</value>
         <object_component_ref idref="oc-239"/>
      </symbol>
      <symbol id="sm-a4f">
         <name>_SRF_PLL_Init</name>
         <value>0x83d3e</value>
         <object_component_ref idref="oc-242"/>
      </symbol>
      <symbol id="sm-a51">
         <name>_GridPLL</name>
         <value>0xc082</value>
         <object_component_ref idref="oc-1ee"/>
      </symbol>
      <symbol id="sm-a52">
         <name>_SRF_PLL_Run</name>
         <value>0x83c16</value>
         <object_component_ref idref="oc-242"/>
      </symbol>
      <symbol id="sm-a54">
         <name>_SOGI_PLL_Run</name>
         <value>0x83dbc</value>
         <object_component_ref idref="oc-242"/>
      </symbol>
      <symbol id="sm-a56">
         <name>_SOGI_PLL_Init</name>
         <value>0x83ee5</value>
         <object_component_ref idref="oc-242"/>
      </symbol>
      <symbol id="sm-a72">
         <name>_c_int00</name>
         <value>0x8578d</value>
         <object_component_ref idref="oc-8e"/>
      </symbol>
      <symbol id="sm-a73">
         <name>__stack</name>
         <value>0x400</value>
         <object_component_ref idref="oc-1f3"/>
      </symbol>
      <symbol id="sm-a7f">
         <name>UL$$MOD</name>
         <value>0x859d9</value>
         <object_component_ref idref="oc-1f9"/>
      </symbol>
      <symbol id="sm-a80">
         <name>L$$MOD</name>
         <value>0x859c4</value>
         <object_component_ref idref="oc-1f9"/>
      </symbol>
      <symbol id="sm-a81">
         <name>L$$DIV</name>
         <value>0x859b5</value>
         <object_component_ref idref="oc-1f9"/>
      </symbol>
      <symbol id="sm-a82">
         <name>UL$$DIV</name>
         <value>0x859d2</value>
         <object_component_ref idref="oc-1f9"/>
      </symbol>
      <symbol id="sm-a91">
         <name>_copy_in</name>
         <value>0x83fdb</value>
         <object_component_ref idref="oc-229"/>
      </symbol>
      <symbol id="sm-aa3">
         <name>_memcpy</name>
         <value>0x85a30</value>
         <object_component_ref idref="oc-23d"/>
      </symbol>
      <symbol id="sm-ab0">
         <name>__system_pre_init</name>
         <value>0x85ab7</value>
         <object_component_ref idref="oc-228"/>
      </symbol>
      <symbol id="sm-abe">
         <name>__system_post_cinit</name>
         <value>0x83fff</value>
         <object_component_ref idref="oc-22a"/>
      </symbol>
      <symbol id="sm-ad3">
         <name>C$$EXIT</name>
         <value>0x859df</value>
         <object_component_ref idref="oc-22c"/>
      </symbol>
      <symbol id="sm-ad4">
         <name>_exit</name>
         <value>0x859e1</value>
         <object_component_ref idref="oc-22c"/>
      </symbol>
      <symbol id="sm-ad6">
         <name>___TI_cleanup_ptr</name>
         <value>0xc1ae</value>
         <object_component_ref idref="oc-214"/>
      </symbol>
      <symbol id="sm-ad7">
         <name>___TI_enable_exit_profile_output</name>
         <value>0xc1ac</value>
         <object_component_ref idref="oc-214"/>
      </symbol>
      <symbol id="sm-ad8">
         <name>_abort</name>
         <value>0x859df</value>
         <object_component_ref idref="oc-22c"/>
      </symbol>
      <symbol id="sm-ada">
         <name>___TI_dtors_ptr</name>
         <value>0xc1b0</value>
         <object_component_ref idref="oc-214"/>
      </symbol>
      <symbol id="sm-aee">
         <name>__unlock</name>
         <value>0xc1d4</value>
         <object_component_ref idref="oc-25d"/>
      </symbol>
      <symbol id="sm-aef">
         <name>__lock</name>
         <value>0xc13e</value>
         <object_component_ref idref="oc-23f"/>
      </symbol>
      <symbol id="sm-af0">
         <name>__register_lock</name>
         <value>0x85a9a</value>
         <object_component_ref idref="oc-24d"/>
      </symbol>
      <symbol id="sm-af2">
         <name>__nop</name>
         <value>0x85a9e</value>
         <object_component_ref idref="oc-24d"/>
      </symbol>
      <symbol id="sm-af4">
         <name>__register_unlock</name>
         <value>0x85a96</value>
         <object_component_ref idref="oc-24d"/>
      </symbol>
      <symbol id="sm-b04">
         <name>__args_main</name>
         <value>0x85a84</value>
         <object_component_ref idref="oc-22b"/>
      </symbol>
      <symbol id="sm-b13">
         <name>_memset</name>
         <value>0x85aa7</value>
         <object_component_ref idref="oc-259"/>
      </symbol>
   </symbol_table>
   <title>Link successful</title>
</link_info>
